// Jest Snapshot v1, https://goo.gl/fbAQLP

exports[`Account Should match snapshot 1`] = `
Object {
  "Resources": Object {
    "AWS679f53fac002430cb0da5b7982bd22872D164C4C": Object {
      "DependsOn": Array [
        "AWS679f53fac002430cb0da5b7982bd2287ServiceRoleC1EA0FF2",
      ],
      "Properties": Object {
        "Code": Any<Object>,
        "Handler": "index.handler",
        "Role": Object {
          "Fn::GetAtt": Array [
            "AWS679f53fac002430cb0da5b7982bd2287ServiceRoleC1EA0FF2",
            "Arn",
          ],
        },
        "Runtime": "nodejs14.x",
        "Timeout": 120,
      },
      "Type": "AWS::Lambda::Function",
    },
    "AWS679f53fac002430cb0da5b7982bd2287ServiceRoleC1EA0FF2": Object {
      "Properties": Object {
        "AssumeRolePolicyDocument": Object {
          "Statement": Array [
            Object {
              "Action": "sts:AssumeRole",
              "Effect": "Allow",
              "Principal": Object {
                "Service": "lambda.amazonaws.com",
              },
            },
          ],
          "Version": "2012-10-17",
        },
        "ManagedPolicyArns": Array [
          Object {
            "Fn::Join": Array [
              "",
              Array [
                "arn:",
                Object {
                  "Ref": "AWS::Partition",
                },
                ":iam::aws:policy/service-role/AWSLambdaBasicExecutionRole",
              ],
            ],
          },
        ],
      },
      "Type": "AWS::IAM::Role",
    },
    "AccountCreateAccount833709C2": Object {
      "DeletionPolicy": "Delete",
      "Properties": Object {
        "AccountName": "test",
        "Email": "info@pepperize.com",
        "IamUserAccessToBilling": "ALLOW",
        "ImportOnDuplicate": "true",
        "ParentId": Object {
          "Fn::GetAtt": Array [
            "OrganizationRootRootCustomResourceBB74F060",
            "Roots.0.Id",
          ],
        },
        "RemovalPolicy": "retain",
        "RoleName": "OrganizationAccountAccessRole",
        "ServiceToken": Object {
          "Fn::GetAtt": Array [
            "cdkorganizationsAccountProviderNestedStackcdkorganizationsAccountProviderNestedStackResourceA1C2E3D5",
            "Outputs.cdkorganizationsAccountProviderframeworkonEvent4241E2B3Arn",
          ],
        },
      },
      "Type": "Custom::Organizations_Account",
      "UpdateReplacePolicy": "Delete",
    },
    "AccountTagsTagResourceB6D57C22": Object {
      "DeletionPolicy": "Delete",
      "DependsOn": Array [
        "AccountCreateAccount833709C2",
      ],
      "Properties": Object {
        "ResourceId": Object {
          "Fn::GetAtt": Array [
            "AccountCreateAccount833709C2",
            "AccountId",
          ],
        },
        "ServiceToken": Object {
          "Fn::GetAtt": Array [
            "cdkorganizationsTagResourceProviderNestedStackcdkorganizationsTagResourceProviderNestedStackResourceA7B8DF96",
            "Outputs.cdkorganizationsTagResourceProviderframeworkonEventDD009DFBArn",
          ],
        },
      },
      "Type": "Custom::Organizations_TagResource",
      "UpdateReplacePolicy": "Delete",
    },
    "Organization06E16095": Object {
      "DeletionPolicy": "Delete",
      "Properties": Object {
        "FeatureSet": "ALL",
        "ServiceToken": Object {
          "Fn::GetAtt": Array [
            "cdkorganizationsOrganizationProviderNestedStackcdkorganizationsOrganizationProviderNestedStackResourceE0751832",
            "Outputs.cdkorganizationsOrganizationProviderframeworkonEvent268B5E2CArn",
          ],
        },
      },
      "Type": "Custom::Organizations_Organization",
      "UpdateReplacePolicy": "Delete",
    },
    "OrganizationRootRootCustomResourceBB74F060": Object {
      "DeletionPolicy": "Delete",
      "DependsOn": Array [
        "Organization06E16095",
        "OrganizationRootRootCustomResourceCustomResourcePolicyB45F831E",
      ],
      "Properties": Object {
        "Create": "{\\"service\\":\\"Organizations\\",\\"action\\":\\"listRoots\\",\\"region\\":\\"us-east-1\\",\\"physicalResourceId\\":{\\"responsePath\\":\\"Roots.0.Id\\"}}",
        "Delete": "{\\"service\\":\\"Organizations\\",\\"action\\":\\"listRoots\\",\\"region\\":\\"us-east-1\\"}",
        "InstallLatestAwsSdk": false,
        "ServiceToken": Object {
          "Fn::GetAtt": Array [
            "AWS679f53fac002430cb0da5b7982bd22872D164C4C",
            "Arn",
          ],
        },
        "Update": "{\\"service\\":\\"Organizations\\",\\"action\\":\\"listRoots\\",\\"region\\":\\"us-east-1\\",\\"physicalResourceId\\":{\\"responsePath\\":\\"Roots.0.Id\\"}}",
      },
      "Type": "Custom::Organizations_Root",
      "UpdateReplacePolicy": "Delete",
    },
    "OrganizationRootRootCustomResourceCustomResourcePolicyB45F831E": Object {
      "DependsOn": Array [
        "Organization06E16095",
      ],
      "Properties": Object {
        "PolicyDocument": Object {
          "Statement": Array [
            Object {
              "Action": "organizations:ListRoots",
              "Effect": "Allow",
              "Resource": "*",
            },
          ],
          "Version": "2012-10-17",
        },
        "PolicyName": "OrganizationRootRootCustomResourceCustomResourcePolicyB45F831E",
        "Roles": Array [
          Object {
            "Ref": "AWS679f53fac002430cb0da5b7982bd2287ServiceRoleC1EA0FF2",
          },
        ],
      },
      "Type": "AWS::IAM::Policy",
    },
    "OrganizationRootTagsTagResourceCBEA7B2F": Object {
      "DeletionPolicy": "Delete",
      "DependsOn": Array [
        "Organization06E16095",
        "OrganizationRootRootCustomResourceCustomResourcePolicyB45F831E",
        "OrganizationRootRootCustomResourceBB74F060",
      ],
      "Properties": Object {
        "ResourceId": Object {
          "Fn::GetAtt": Array [
            "OrganizationRootRootCustomResourceBB74F060",
            "Roots.0.Id",
          ],
        },
        "ServiceToken": Object {
          "Fn::GetAtt": Array [
            "cdkorganizationsTagResourceProviderNestedStackcdkorganizationsTagResourceProviderNestedStackResourceA7B8DF96",
            "Outputs.cdkorganizationsTagResourceProviderframeworkonEventDD009DFBArn",
          ],
        },
      },
      "Type": "Custom::Organizations_TagResource",
      "UpdateReplacePolicy": "Delete",
    },
    "cdkorganizationsAccountProviderNestedStackcdkorganizationsAccountProviderNestedStackResourceA1C2E3D5": Object {
      "DeletionPolicy": "Delete",
      "Properties": Object {
        "TemplateURL": Object {
          "Fn::Join": Array [
            "",
            Array [
              "https://s3.us-east-1.",
              Object {
                "Ref": "AWS::URLSuffix",
              },
              "/cdk-hnb659fds-assets-123456789012-us-east-1/7ae50027841ef2f97a51eef91fcb045c88387f981533e58c9de888f872989e2a.json",
            ],
          ],
        },
      },
      "Type": "AWS::CloudFormation::Stack",
      "UpdateReplacePolicy": "Delete",
    },
    "cdkorganizationsOrganizationProviderNestedStackcdkorganizationsOrganizationProviderNestedStackResourceE0751832": Object {
      "DeletionPolicy": "Delete",
      "Properties": Object {
        "TemplateURL": Object {
          "Fn::Join": Array [
            "",
            Array [
              "https://s3.us-east-1.",
              Object {
                "Ref": "AWS::URLSuffix",
              },
              "/cdk-hnb659fds-assets-123456789012-us-east-1/36df93481d903a6d5f1b314e99a5886f19fad6eb694c60de67d8b6c33fd76fe4.json",
            ],
          ],
        },
      },
      "Type": "AWS::CloudFormation::Stack",
      "UpdateReplacePolicy": "Delete",
    },
    "cdkorganizationsTagResourceProviderNestedStackcdkorganizationsTagResourceProviderNestedStackResourceA7B8DF96": Object {
      "DeletionPolicy": "Delete",
      "Properties": Object {
        "TemplateURL": Object {
          "Fn::Join": Array [
            "",
            Array [
              "https://s3.us-east-1.",
              Object {
                "Ref": "AWS::URLSuffix",
              },
              "/cdk-hnb659fds-assets-123456789012-us-east-1/a8fbc353a713f63c9e1159c03781e99021638487ae87ad16ec30ac7a42a351e9.json",
            ],
          ],
        },
      },
      "Type": "AWS::CloudFormation::Stack",
      "UpdateReplacePolicy": "Delete",
    },
  },
}
`;
